app/dashboard/closing/ClosingView.tsx(529,37): error TS2304: Cannot find name 'ClockIcon'.
app/dashboard/pages/[id]/edit/PageEditor.tsx(79,20): error TS2304: Cannot find name 'openDropdownId'.
app/dashboard/pages/[id]/edit/PageEditor.tsx(82,78): error TS2304: Cannot find name 'setOpenDropdownId'.
app/dashboard/pages/[id]/edit/PageEditor.tsx(86,26): error TS2304: Cannot find name 'setOpenDropdownId'.
app/dashboard/pages/[id]/edit/PageEditor.tsx(97,32): error TS2304: Cannot find name 'setOpenDropdownId'.
app/dashboard/pages/[id]/edit/PageEditor.tsx(105,32): error TS2304: Cannot find name 'setOpenDropdownId'.
app/dashboard/pages/[id]/edit/PageEditor.tsx(112,32): error TS2304: Cannot find name 'setOpenDropdownId'.
app/dashboard/pages/[id]/edit/PageEditor.tsx(119,32): error TS2304: Cannot find name 'setOpenDropdownId'.
app/dashboard/pages/[id]/edit/PageEditor.tsx(126,32): error TS2304: Cannot find name 'setOpenDropdownId'.
app/dashboard/pages/PagesView.tsx(74,52): error TS2769: No overload matches this call.
  Overload 1 of 2, '(callback: () => Promise<VoidOrUndefinedOnly>): void', gave the following error.
    Type 'Promise<{ success: boolean; error?: undefined; } | { error: string; success?: undefined; }>' is not assignable to type 'Promise<VoidOrUndefinedOnly>'.
      Type '{ success: boolean; error?: undefined; } | { error: string; success?: undefined; }' is not assignable to type 'VoidOrUndefinedOnly'.
        Type '{ success: boolean; error?: undefined; }' is not assignable to type 'VoidOrUndefinedOnly'.
  Overload 2 of 2, '(callback: TransitionFunction): void', gave the following error.
    Type 'Promise<{ success: boolean; error?: undefined; } | { error: string; success?: undefined; }>' is not assignable to type 'VoidOrUndefinedOnly'.
app/dashboard/pages/PagesView.tsx(75,93): error TS2769: No overload matches this call.
  Overload 1 of 2, '(callback: () => Promise<VoidOrUndefinedOnly>): void', gave the following error.
    Type 'Promise<{ success: boolean; error?: undefined; } | { error: string; success?: undefined; }>' is not assignable to type 'Promise<VoidOrUndefinedOnly>'.
      Type '{ success: boolean; error?: undefined; } | { error: string; success?: undefined; }' is not assignable to type 'VoidOrUndefinedOnly'.
        Type '{ success: boolean; error?: undefined; }' is not assignable to type 'VoidOrUndefinedOnly'.
  Overload 2 of 2, '(callback: TransitionFunction): void', gave the following error.
    Type 'Promise<{ success: boolean; error?: undefined; } | { error: string; success?: undefined; }>' is not assignable to type 'VoidOrUndefinedOnly'.
app/dashboard/pages/PagesView.tsx(76,55): error TS2769: No overload matches this call.
  Overload 1 of 2, '(callback: () => Promise<VoidOrUndefinedOnly>): void', gave the following error.
    Type 'Promise<{ success: boolean; data: { id: string; created_at: Date; updated_at: Date; store_id: string; title: string; slug: string; active: boolean; template: string; sections: JsonValue; product_ids: string[]; }; error?: undefined; } | { ...; }>' is not assignable to type 'Promise<VoidOrUndefinedOnly>'.
      Type '{ success: boolean; data: { id: string; created_at: Date; updated_at: Date; store_id: string; title: string; slug: string; active: boolean; template: string; sections: JsonValue; product_ids: string[]; }; error?: undefined; } | { ...; }' is not assignable to type 'VoidOrUndefinedOnly'.
        Type '{ success: boolean; data: { id: string; created_at: Date; updated_at: Date; store_id: string; title: string; slug: string; active: boolean; template: string; sections: JsonValue; product_ids: string[]; }; error?: undefined; }' is not assignable to type 'VoidOrUndefinedOnly'.
  Overload 2 of 2, '(callback: TransitionFunction): void', gave the following error.
    Type 'Promise<{ success: boolean; data: { id: string; created_at: Date; updated_at: Date; store_id: string; title: string; slug: string; active: boolean; template: string; sections: JsonValue; product_ids: string[]; }; error?: undefined; } | { ...; }>' is not assignable to type 'VoidOrUndefinedOnly'.
app/dashboard/pages/PagesView.tsx(175,52): error TS2769: No overload matches this call.
  Overload 1 of 2, '(callback: () => Promise<VoidOrUndefinedOnly>): void', gave the following error.
    Type 'Promise<{ success: boolean; error?: undefined; } | { error: string; success?: undefined; }>' is not assignable to type 'Promise<VoidOrUndefinedOnly>'.
      Type '{ success: boolean; error?: undefined; } | { error: string; success?: undefined; }' is not assignable to type 'VoidOrUndefinedOnly'.
        Type '{ success: boolean; error?: undefined; }' is not assignable to type 'VoidOrUndefinedOnly'.
  Overload 2 of 2, '(callback: TransitionFunction): void', gave the following error.
    Type 'Promise<{ success: boolean; error?: undefined; } | { error: string; success?: undefined; }>' is not assignable to type 'VoidOrUndefinedOnly'.
app/dashboard/pages/PagesView.tsx(176,93): error TS2769: No overload matches this call.
  Overload 1 of 2, '(callback: () => Promise<VoidOrUndefinedOnly>): void', gave the following error.
    Type 'Promise<{ success: boolean; error?: undefined; } | { error: string; success?: undefined; }>' is not assignable to type 'Promise<VoidOrUndefinedOnly>'.
      Type '{ success: boolean; error?: undefined; } | { error: string; success?: undefined; }' is not assignable to type 'VoidOrUndefinedOnly'.
        Type '{ success: boolean; error?: undefined; }' is not assignable to type 'VoidOrUndefinedOnly'.
  Overload 2 of 2, '(callback: TransitionFunction): void', gave the following error.
    Type 'Promise<{ success: boolean; error?: undefined; } | { error: string; success?: undefined; }>' is not assignable to type 'VoidOrUndefinedOnly'.
app/dashboard/pages/PagesView.tsx(177,55): error TS2769: No overload matches this call.
  Overload 1 of 2, '(callback: () => Promise<VoidOrUndefinedOnly>): void', gave the following error.
    Type 'Promise<{ success: boolean; data: { id: string; created_at: Date; updated_at: Date; store_id: string; title: string; slug: string; active: boolean; template: string; sections: JsonValue; product_ids: string[]; }; error?: undefined; } | { ...; }>' is not assignable to type 'Promise<VoidOrUndefinedOnly>'.
      Type '{ success: boolean; data: { id: string; created_at: Date; updated_at: Date; store_id: string; title: string; slug: string; active: boolean; template: string; sections: JsonValue; product_ids: string[]; }; error?: undefined; } | { ...; }' is not assignable to type 'VoidOrUndefinedOnly'.
        Type '{ success: boolean; data: { id: string; created_at: Date; updated_at: Date; store_id: string; title: string; slug: string; active: boolean; template: string; sections: JsonValue; product_ids: string[]; }; error?: undefined; }' is not assignable to type 'VoidOrUndefinedOnly'.
  Overload 2 of 2, '(callback: TransitionFunction): void', gave the following error.
    Type 'Promise<{ success: boolean; data: { id: string; created_at: Date; updated_at: Date; store_id: string; title: string; slug: string; active: boolean; template: string; sections: JsonValue; product_ids: string[]; }; error?: undefined; } | { ...; }>' is not assignable to type 'VoidOrUndefinedOnly'.
app/dashboard/products/[id]/edit/EditProductForm.tsx(135,27): error TS6133: 'setSessionDuration' is declared but its value is never read.
app/dashboard/products/[id]/edit/EditProductForm.tsx(384,24): error TS2339: Property 'name' does not exist on type 'GeneratedProduct'.
app/dashboard/products/[id]/edit/EditProductForm.tsx(384,43): error TS2339: Property 'name' does not exist on type 'GeneratedProduct'.
app/dashboard/products/[id]/edit/EditProductForm.tsx(386,24): error TS2339: Property 'price' does not exist on type 'GeneratedProduct'.
app/dashboard/products/[id]/edit/EditProductForm.tsx(386,52): error TS2339: Property 'price' does not exist on type 'GeneratedProduct'.
app/dashboard/products/new/ProductForm.tsx(99,27): error TS6133: 'setSessionDuration' is declared but its value is never read.
app/dashboard/products/new/ProductForm.tsx(412,13): error TS7030: Not all code paths return a value.
app/dashboard/zones/ZoneList.tsx(59,18): error TS2345: Argument of type '(DeliveryZone | { name: string; fee: number; delay: string | undefined; free_shipping_threshold: number | null; note: string | null; id: string; active: boolean; })[]' is not assignable to parameter of type 'SetStateAction<DeliveryZone[]>'.
  Type '(DeliveryZone | { name: string; fee: number; delay: string | undefined; free_shipping_threshold: number | null; note: string | null; id: string; active: boolean; })[]' is not assignable to type 'DeliveryZone[]'.
    Type 'DeliveryZone | { name: string; fee: number; delay: string | undefined; free_shipping_threshold: number | null; note: string | null; id: string; active: boolean; }' is not assignable to type 'DeliveryZone'.
      Type '{ name: string; fee: number; delay: string | undefined; free_shipping_threshold: number | null; note: string | null; id: string; active: boolean; }' is not assignable to type 'DeliveryZone'.
        Types of property 'delay' are incompatible.
          Type 'string | undefined' is not assignable to type 'string | null'.
            Type 'undefined' is not assignable to type 'string | null'.
components/dashboard/AIBulkGenerator.tsx(4,29): error TS6133: 'CheckCircle2' is declared but its value is never read.
components/dashboard/AIBulkGenerator.tsx(4,43): error TS6133: 'X' is declared but its value is never read.
components/pages/PageRenderers.tsx(166,21): error TS6133: 'count' is declared but its value is never read.
