app/admin/accounting/AccountingClient.tsx(4,58): error TS6133: 'ArrowRight' is declared but its value is never read.
app/admin/apps/page.tsx(11,19): error TS2322: Type '{ name: string; id: string; description: string | null; created_at: Date; category: string; price: number; active: boolean; updated_at: Date; is_premium: boolean; allowed_roles: string[]; icon_url: string | null; features: JsonValue; }[]' is not assignable to type 'MarketplaceAppRecord[]'.
  Type '{ name: string; id: string; description: string | null; created_at: Date; category: string; price: number; active: boolean; updated_at: Date; is_premium: boolean; allowed_roles: string[]; icon_url: string | null; features: JsonValue; }' is not assignable to type 'MarketplaceAppRecord'.
    Types of property 'description' are incompatible.
      Type 'string | null' is not assignable to type 'string'.
        Type 'null' is not assignable to type 'string'.
app/admin/branding/page.tsx(3,10): error TS6133: 'Globe' is declared but its value is never read.
app/admin/erp/page.tsx(2,66): error TS6133: 'CheckCircle2' is declared but its value is never read.
app/admin/erp/page.tsx(2,80): error TS6133: 'ShieldCheck' is declared but its value is never read.
app/admin/security-hub/page.tsx(4,10): error TS6133: 'ShieldCheck' is declared but its value is never read.
app/api/ai/check360/route.ts(19,11): error TS6196: 'AnthropicResponse' is declared but never used.
app/api/ai/generate-bulk-pages/route.ts(17,11): error TS6196: 'AnthropicResponse' is declared but never used.
app/api/ai/generate-bulk-products/route.ts(21,11): error TS6196: 'AnthropicResponse' is declared but never used.
app/api/ai/tasks/parse/route.ts(57,51): error TS2304: Cannot find name 'textContent'.
app/api/cron/abandoned-cart/route.ts(25,9): error TS2561: Object literal may only specify known properties, but 'product' does not exist in type 'LeadInclude<DefaultArgs>'. Did you mean to write 'Product'?
app/api/cron/abandoned-cart/route.ts(45,30): error TS2339: Property 'product' does not exist on type '{ name: string; id: string; created_at: Date | null; phone: string; store_id: string; status: LeadStatus; source: string; email: string | null; product_id: string | null; ... 5 more ...; closed_at: Date | null; }'.
app/api/cron/abandoned-cart/route.ts(46,32): error TS2339: Property 'product' does not exist on type '{ name: string; id: string; created_at: Date | null; phone: string; store_id: string; status: LeadStatus; source: string; email: string | null; product_id: string | null; ... 5 more ...; closed_at: Date | null; }'.
app/api/jobs/abandoned-cart/route.ts(3,24): error TS2305: Module '"@/lib/whatsapp/sendWhatsApp"' has no exported member 'msgAbandonedCart'.
app/api/jobs/abandoned-cart/route.ts(18,9): error TS2561: Object literal may only specify known properties, but 'product' does not exist in type 'LeadInclude<DefaultArgs>'. Did you mean to write 'Product'?
app/api/jobs/abandoned-cart/route.ts(24,24): error TS2339: Property 'product' does not exist on type '{ name: string; id: string; created_at: Date | null; phone: string; store_id: string; status: LeadStatus; source: string; email: string | null; product_id: string | null; ... 5 more ...; closed_at: Date | null; }'.
app/api/jobs/abandoned-cart/route.ts(32,9): error TS2322: Type 'string | null' is not assignable to type 'string | StringFilter<"Order"> | undefined'.
  Type 'null' is not assignable to type 'string | StringFilter<"Order"> | undefined'.
app/api/jobs/abandoned-cart/route.ts(33,23): error TS2322: Type 'Date | null' is not assignable to type 'string | Date | FieldRef<"Order", "DateTime"> | undefined'.
  Type 'null' is not assignable to type 'string | Date | FieldRef<"Order", "DateTime"> | undefined'.
app/api/jobs/abandoned-cart/route.ts(44,69): error TS2339: Property 'product' does not exist on type '{ name: string; id: string; created_at: Date | null; phone: string; store_id: string; status: LeadStatus; source: string; email: string | null; product_id: string | null; ... 5 more ...; closed_at: Date | null; }'.
app/api/jobs/abandoned-cart/route.ts(58,14): error TS2339: Property 'product' does not exist on type '{ name: string; id: string; created_at: Date | null; phone: string; store_id: string; status: LeadStatus; source: string; email: string | null; product_id: string | null; ... 5 more ...; closed_at: Date | null; }'.
app/client/workflows/page.tsx(47,13): error TS2322: Type '(data: WorkflowData, ownerId: string) => Promise<{ success: boolean; error?: undefined; } | { success: boolean; error: string; }>' is not assignable to type '(workflow: WorkflowDef, ownerId: string) => Promise<{ success: boolean; error?: string | undefined; }>'.
  Types of parameters 'data' and 'workflow' are incompatible.
    Type 'WorkflowDef' is not assignable to type 'WorkflowData'.
      Types of property 'config' are incompatible.
        Type '{ delay?: { active: boolean; amount: number; unit: string; } | undefined; condition?: { active: boolean; field: string; operator: string; value: string; } | undefined; actions?: ActionDef[] | undefined; } | undefined' is not assignable to type 'InputJsonValue | undefined'.
          Type '{ delay?: { active: boolean; amount: number; unit: string; } | undefined; condition?: { active: boolean; field: string; operator: string; value: string; } | undefined; actions?: ActionDef[] | undefined; }' is not assignable to type 'InputJsonValue | undefined'.
            Type '{ delay?: { active: boolean; amount: number; unit: string; } | undefined; condition?: { active: boolean; field: string; operator: string; value: string; } | undefined; actions?: ActionDef[] | undefined; }' is not assignable to type 'InputJsonObject'.
              Property 'actions' is incompatible with index signature.
                Type 'ActionDef[]' is not assignable to type 'InputJsonValue | null | undefined'.
                  Type 'ActionDef[]' is not assignable to type 'InputJsonObject'.
                    Index signature for type 'string' is missing in type 'ActionDef[]'.
app/dashboard/apps/AppStoreClient.tsx(11,40): error TS6133: 'Package' is declared but its value is never read.
app/portal/workflows/page.tsx(71,13): error TS2322: Type '(data: WorkflowData, ownerId: string) => Promise<{ success: boolean; error?: undefined; } | { success: boolean; error: string; }>' is not assignable to type '(workflow: WorkflowDef, ownerId: string) => Promise<{ success: boolean; error?: string | undefined; }>'.
  Types of parameters 'data' and 'workflow' are incompatible.
    Type 'WorkflowDef' is not assignable to type 'WorkflowData'.
      Types of property 'config' are incompatible.
        Type '{ delay?: { active: boolean; amount: number; unit: string; } | undefined; condition?: { active: boolean; field: string; operator: string; value: string; } | undefined; actions?: ActionDef[] | undefined; } | undefined' is not assignable to type 'InputJsonValue | undefined'.
          Type '{ delay?: { active: boolean; amount: number; unit: string; } | undefined; condition?: { active: boolean; field: string; operator: string; value: string; } | undefined; actions?: ActionDef[] | undefined; }' is not assignable to type 'InputJsonValue | undefined'.
            Type '{ delay?: { active: boolean; amount: number; unit: string; } | undefined; condition?: { active: boolean; field: string; operator: string; value: string; } | undefined; actions?: ActionDef[] | undefined; }' is not assignable to type 'InputJsonObject'.
              Property 'actions' is incompatible with index signature.
                Type 'ActionDef[]' is not assignable to type 'InputJsonValue | null | undefined'.
                  Type 'ActionDef[]' is not assignable to type 'InputJsonObject'.
                    Index signature for type 'string' is missing in type 'ActionDef[]'.
components/admin/AdminSidebar.tsx(12,3): error TS6133: 'Wallet' is declared but its value is never read.
components/admin/AdminSidebar.tsx(20,3): error TS6133: 'Calculator' is declared but its value is never read.
components/admin/AdminSidebar.tsx(21,3): error TS6133: 'PieChart' is declared but its value is never read.
components/admin/AdminSidebar.tsx(317,9): error TS6133: 'pathname' is declared but its value is never read.
components/ui/button.tsx(3,22): error TS2307: Cannot find module '@radix-ui/react-slot' or its corresponding type declarations.
components/ui/SplashScreen.tsx(10,13): error TS7030: Not all code paths return a value.
lib/admin/quota.ts(51,22): error TS2353: Object literal may only specify known properties, and 'store_id' does not exist in type 'BioLinkWhereInput'.
lib/admin/quota.ts(64,22): error TS2353: Object literal may only specify known properties, and 'community' does not exist in type 'TelegramMemberWhereInput'.
lib/admin/quota.ts(77,42): error TS2353: Object literal may only specify known properties, and 'active' does not exist in type 'WorkflowWhereInput'.
lib/ai/router.ts(208,24): error TS7006: Parameter 'p' implicitly has an 'any' type.
